#-----------------------------------------------------------
# Vivado v2018.1 (64-bit)
# SW Build 2188600 on Wed Apr  4 18:40:38 MDT 2018
# IP Build 2185939 on Wed Apr  4 20:55:05 MDT 2018
# Start of session at: Thu Dec  6 22:45:43 2018
# Process ID: 12444
# Current directory: C:/Users/jld/Downloads/Homade1plus2
# Command line: vivado.exe -gui_launcher_event rodinguilauncherevent7952 C:\Users\jld\Downloads\Homade1plus2\Homade1plus2.xpr
# Log file: C:/Users/jld/Downloads/Homade1plus2/vivado.log
# Journal file: C:/Users/jld/Downloads/Homade1plus2\vivado.jou
#-----------------------------------------------------------
start_gui
open_project C:/Users/jld/Downloads/Homade1plus2/Homade1plus2.xpr
update_compile_order -fileset sources_1
launch_simulation
open_wave_config C:/Users/jld/Downloads/Homade1plus2/Homade1plus2.srcs/sim_1/imports/nexys3V6_vivado/masterbench_behav.wcfg
source masterbench.tcl
run 1 ms
close_sim
launch_simulation
open_wave_config C:/Users/jld/Downloads/Homade1plus2/Homade1plus2.srcs/sim_1/imports/nexys3V6_vivado/masterbench_behav.wcfg
source masterbench.tcl
run 1 ms
restart
save_wave_config {C:/Users/jld/Downloads/Homade1plus2/Homade1plus2.srcs/sim_1/imports/nexys3V6_vivado/masterbench_behav.wcfg}
close_sim
launch_runs impl_3 -to_step write_bitstream -jobs 24
wait_on_run impl_3
archive_project C:/Users/jld/Downloads/Homade1plus2.xpr.zip -temp_dir C:/Users/jld/Downloads/Homade1plus2/.Xil/Vivado-12444-jld-HP -force -exclude_run_results -include_local_ip_cache -include_config_settings
